{
  "request": {
    "method": "POST",
    "url": "https://localhost:3000/ai?provider=groq&url=https%3A%2F%2Fapi.groq.com%2Fopenai%2Fv1%2Fchat%2Fcompletions",
    "body": "{\"model\":\"llama-3.3-70b-versatile\",\"temperature\":0,\"messages\":[{\"role\":\"system\",\"content\":\"You're manipulating a text document. Make sure to follow the json schema provided. This is the document as an array of blocks in markdown:\"},{\"role\":\"system\",\"content\":\"[{\\\"id\\\":\\\"0$\\\",\\\"block\\\":\\\"Hello\\\"}]\"},{\"role\":\"user\",\"content\":\"Add a paragraph with text \\\"Test\\\" after the first paragraph\"}],\"tool_choice\":{\"type\":\"function\",\"function\":{\"name\":\"json\"}},\"tools\":[{\"type\":\"function\",\"function\":{\"name\":\"json\",\"description\":\"Respond with a JSON object.\",\"parameters\":{\"type\":\"object\",\"properties\":{\"operations\":{\"type\":\"array\",\"items\":{\"anyOf\":[{\"type\":\"object\",\"description\":\"Update a block, the new block will replace the existing block.\",\"properties\":{\"type\":{\"type\":\"string\",\"enum\":[\"update\"]},\"id\":{\"type\":\"string\",\"description\":\"id of block to update\"},\"block\":{\"$ref\":\"#/$defs/block\"}},\"required\":[\"type\",\"id\",\"block\"],\"additionalProperties\":false},{\"type\":\"object\",\"description\":\"Insert new blocks\",\"properties\":{\"type\":{\"type\":\"string\",\"enum\":[\"add\"]},\"referenceId\":{\"type\":\"string\",\"description\":\"\"},\"position\":{\"type\":\"string\",\"enum\":[\"before\",\"after\"],\"description\":\"Whether new block(s) should be inserted before or after `referenceId`\"},\"blocks\":{\"items\":{\"$ref\":\"#/$defs/block\"},\"type\":\"array\"}},\"required\":[\"type\",\"referenceId\",\"position\",\"blocks\"],\"additionalProperties\":false},{\"type\":\"object\",\"description\":\"Delete a block\",\"properties\":{\"type\":{\"type\":\"string\",\"enum\":[\"delete\"]},\"id\":{\"type\":\"string\",\"description\":\"id of block to delete\"}},\"required\":[\"type\",\"id\"],\"additionalProperties\":false}]}}},\"additionalProperties\":false,\"required\":[\"operations\"],\"$defs\":{\"block\":{\"type\":\"string\",\"description\":\"markdown of block\"}}}}}],\"stream\":true}",
    "headers": [],
    "cookies": []
  },
  "response": {
    "status": 200,
    "statusText": "",
    "body": "data: {\"id\":\"chatcmpl-57407121-2195-42e4-8ea1-ccdf9b1928fa\",\"object\":\"chat.completion.chunk\",\"created\":1742832155,\"model\":\"llama-3.3-70b-versatile\",\"system_fingerprint\":\"fp_41c250edc7\",\"choices\":[{\"index\":0,\"delta\":{\"role\":\"assistant\",\"content\":null},\"logprobs\":null,\"finish_reason\":null}],\"x_groq\":{\"id\":\"req_01jq4e8f3eerbva6a9se3gq86g\"}}\n\ndata: {\"id\":\"chatcmpl-57407121-2195-42e4-8ea1-ccdf9b1928fa\",\"object\":\"chat.completion.chunk\",\"created\":1742832155,\"model\":\"llama-3.3-70b-versatile\",\"system_fingerprint\":\"fp_41c250edc7\",\"choices\":[{\"index\":0,\"delta\":{\"tool_calls\":[{\"id\":\"call_y5dz\",\"type\":\"function\",\"function\":{\"name\":\"json\",\"arguments\":\"{\\\"operations\\\":[{\\\"type\\\":\\\"add\\\",\\\"referenceId\\\":\\\"0$\\\",\\\"position\\\":\\\"after\\\",\\\"blocks\\\":[\\\"Test\\\"]}]}\"},\"index\":0}]},\"logprobs\":null,\"finish_reason\":null}]}\n\ndata: {\"id\":\"chatcmpl-57407121-2195-42e4-8ea1-ccdf9b1928fa\",\"object\":\"chat.completion.chunk\",\"created\":1742832155,\"model\":\"llama-3.3-70b-versatile\",\"system_fingerprint\":\"fp_41c250edc7\",\"choices\":[{\"index\":0,\"delta\":{},\"logprobs\":null,\"finish_reason\":\"tool_calls\"}],\"x_groq\":{\"id\":\"req_01jq4e8f3eerbva6a9se3gq86g\",\"usage\":{\"queue_time\":0.100401344,\"prompt_tokens\":515,\"prompt_time\":0.040904264,\"completion_tokens\":26,\"completion_time\":0.103346813,\"total_tokens\":541,\"total_time\":0.144251077}}}\n\ndata: [DONE]\n\n",
    "headers": []
  }
}