{
  "request": {
    "method": "POST",
    "url": "https://localhost:3000/ai?provider=openai&url=https%3A%2F%2Fapi.openai.com%2Fv1%2Fchat%2Fcompletions",
    "body": "{\"model\":\"gpt-4o-2024-08-06\",\"temperature\":0,\"messages\":[{\"role\":\"system\",\"content\":\"You're helping the user redact / write a markdown document split in blocks.\"},{\"role\":\"system\",\"content\":\"This is what the user wants you to do:\"},{\"role\":\"user\",\"content\":\"Add a paragraph with text \\\"Test\\\" after the first paragraph\"},{\"role\":\"system\",\"content\":\"This is the document the user wants to update:\"},{\"role\":\"system\",\"content\":\"Hello\"}]}",
    "headers": [],
    "cookies": []
  },
  "response": {
    "status": 200,
    "statusText": "",
    "body": "{\n  \"id\": \"chatcmpl-BEM0EEqjeDyYkHV0IcV2L0Oq9Dc10\",\n  \"object\": \"chat.completion\",\n  \"created\": 1742760870,\n  \"model\": \"gpt-4o-2024-08-06\",\n  \"choices\": [\n    {\n      \"index\": 0,\n      \"message\": {\n        \"role\": \"assistant\",\n        \"content\": \"Here's the updated document with the new paragraph added:\\n\\n```\\nHello\\n\\nTest\\n```\",\n        \"refusal\": null,\n        \"annotations\": []\n      },\n      \"logprobs\": null,\n      \"finish_reason\": \"stop\"\n    }\n  ],\n  \"usage\": {\n    \"prompt_tokens\": 70,\n    \"completion_tokens\": 18,\n    \"total_tokens\": 88,\n    \"prompt_tokens_details\": {\n      \"cached_tokens\": 0,\n      \"audio_tokens\": 0\n    },\n    \"completion_tokens_details\": {\n      \"reasoning_tokens\": 0,\n      \"audio_tokens\": 0,\n      \"accepted_prediction_tokens\": 0,\n      \"rejected_prediction_tokens\": 0\n    }\n  },\n  \"service_tier\": \"default\",\n  \"system_fingerprint\": \"fp_6ec83003ad\"\n}\n",
    "headers": []
  }
}