{
  "request": {
    "method": "POST",
    "url": "https://localhost:3000/ai?provider=openai&url=https%3A%2F%2Fapi.openai.com%2Fv1%2Fchat%2Fcompletions",
    "body": "{\"model\":\"gpt-4o-2024-08-06\",\"temperature\":0,\"messages\":[{\"role\":\"system\",\"content\":\"You're helping the user redact / write a markdown document split in blocks.\"},{\"role\":\"system\",\"content\":\"This is what the user wants you to do:\"},{\"role\":\"user\",\"content\":\"Add a sentence with `Test` before the first sentence\"},{\"role\":\"system\",\"content\":\"This is the document the user wants to update:\"},{\"role\":\"system\",\"content\":\"Hello\"}]}",
    "headers": [],
    "cookies": []
  },
  "response": {
    "status": 200,
    "statusText": "",
    "body": "{\n  \"id\": \"chatcmpl-BEM0DrvLLXO1O7GAziNG8NHRKX23b\",\n  \"object\": \"chat.completion\",\n  \"created\": 1742760869,\n  \"model\": \"gpt-4o-2024-08-06\",\n  \"choices\": [\n    {\n      \"index\": 0,\n      \"message\": {\n        \"role\": \"assistant\",\n        \"content\": \"Test\\n\\nHello\",\n        \"refusal\": null,\n        \"annotations\": []\n      },\n      \"logprobs\": null,\n      \"finish_reason\": \"stop\"\n    }\n  ],\n  \"usage\": {\n    \"prompt_tokens\": 69,\n    \"completion_tokens\": 4,\n    \"total_tokens\": 73,\n    \"prompt_tokens_details\": {\n      \"cached_tokens\": 0,\n      \"audio_tokens\": 0\n    },\n    \"completion_tokens_details\": {\n      \"reasoning_tokens\": 0,\n      \"audio_tokens\": 0,\n      \"accepted_prediction_tokens\": 0,\n      \"rejected_prediction_tokens\": 0\n    }\n  },\n  \"service_tier\": \"default\",\n  \"system_fingerprint\": \"fp_6ec83003ad\"\n}\n",
    "headers": []
  }
}