{
  "request": {
    "method": "POST",
    "url": "https://localhost:3000/ai?provider=albert-etalab&url=https%3A%2F%2Falbert.api.etalab.gouv.fr%2Fv1%2Fchat%2Fcompletions",
    "body": "{\"model\":\"neuralmagic/Meta-Llama-3.1-70B-Instruct-FP8\",\"temperature\":0,\"messages\":[{\"role\":\"system\",\"content\":\"You're manipulating a text document. Make sure to follow the json schema provided. This is the document as an array of blocks in markdown:\"},{\"role\":\"system\",\"content\":\"[{\\\"id\\\":\\\"ref1$\\\",\\\"block\\\":\\\"Hello, world!\\\"},{\\\"id\\\":\\\"ref2$\\\",\\\"block\\\":\\\"Hello, @John Doe! How **are you doing?**\\\"},{\\\"id\\\":\\\"ref3$\\\",\\\"block\\\":\\\"Hello, world! **Bold text. **[Link.](https://www.google.com)\\\"}]\"},{\"role\":\"user\",\"content\":\"update the content of the second block to 'Hello, updated content'\"}],\"tool_choice\":{\"type\":\"function\",\"function\":{\"name\":\"json\"}},\"tools\":[{\"type\":\"function\",\"function\":{\"name\":\"json\",\"description\":\"Respond with a JSON object.\",\"parameters\":{\"type\":\"object\",\"properties\":{\"operations\":{\"type\":\"array\",\"items\":{\"anyOf\":[{\"type\":\"object\",\"description\":\"Update a block, the new block will replace the existing block.\",\"properties\":{\"type\":{\"type\":\"string\",\"enum\":[\"update\"]},\"id\":{\"type\":\"string\",\"description\":\"id of block to update\"},\"block\":{\"$ref\":\"#/$defs/block\"}},\"required\":[\"type\",\"id\",\"block\"],\"additionalProperties\":false},{\"type\":\"object\",\"description\":\"Insert new blocks\",\"properties\":{\"type\":{\"type\":\"string\",\"enum\":[\"add\"]},\"referenceId\":{\"type\":\"string\",\"description\":\"\"},\"position\":{\"type\":\"string\",\"enum\":[\"before\",\"after\"],\"description\":\"Whether new block(s) should be inserted before or after `referenceId`\"},\"blocks\":{\"items\":{\"$ref\":\"#/$defs/block\"},\"type\":\"array\"}},\"required\":[\"type\",\"referenceId\",\"position\",\"blocks\"],\"additionalProperties\":false},{\"type\":\"object\",\"description\":\"Delete a block\",\"properties\":{\"type\":{\"type\":\"string\",\"enum\":[\"delete\"]},\"id\":{\"type\":\"string\",\"description\":\"id of block to delete\"}},\"required\":[\"type\",\"id\"],\"additionalProperties\":false}]}}},\"additionalProperties\":false,\"required\":[\"operations\"],\"$defs\":{\"block\":{\"type\":\"string\",\"description\":\"markdown of block\"}}}}}]}",
    "headers": [],
    "cookies": []
  },
  "response": {
    "status": 200,
    "statusText": "",
    "body": "{\"id\":\"chatcmpl-2e5cab3b73ea4d9ea0124a6cda34dde1\",\"choices\":[{\"finish_reason\":\"stop\",\"index\":0,\"logprobs\":null,\"message\":{\"content\":\"\",\"refusal\":null,\"role\":\"assistant\",\"audio\":null,\"function_call\":null,\"tool_calls\":[{\"id\":\"chatcmpl-tool-4abfd788b8aa42eca02a73bb2daeb9c1\",\"function\":{\"arguments\":\"{\\\"operations\\\": [{\\\"type\\\": \\\"update\\\", \\\"id\\\": \\\"ref2$\\\", \\\"block\\\": \\\"Hello, updated content\\\"}]}\",\"name\":\"json\"},\"type\":\"function\"}]},\"stop_reason\":null}],\"created\":1742832181,\"model\":\"neuralmagic/Meta-Llama-3.1-70B-Instruct-FP8\",\"object\":\"chat.completion\",\"service_tier\":null,\"system_fingerprint\":null,\"usage\":{\"completion_tokens\":27,\"prompt_tokens\":746,\"total_tokens\":773,\"completion_tokens_details\":null,\"prompt_tokens_details\":null},\"search_results\":[],\"prompt_logprobs\":null}",
    "headers": []
  }
}