{
  "request": {
    "method": "POST",
    "url": "https://localhost:3000/ai?provider=groq&url=https%3A%2F%2Fapi.groq.com%2Fopenai%2Fv1%2Fchat%2Fcompletions",
    "body": "{\"model\":\"llama-3.3-70b-versatile\",\"temperature\":0,\"messages\":[{\"role\":\"system\",\"content\":\"You're manipulating a text document. Make sure to follow the json schema provided. This is the document as an array of blocks in markdown:\"},{\"role\":\"system\",\"content\":\"[{\\\"id\\\":\\\"ref1$\\\",\\\"block\\\":\\\"Hello, world!\\\"},{\\\"id\\\":\\\"ref2$\\\",\\\"block\\\":\\\"Hello, @John Doe! How **are you doing?**\\\"},{\\\"id\\\":\\\"ref3$\\\",\\\"block\\\":\\\"Hello, world! **Bold text. **[Link.](https://www.google.com)\\\"}]\"},{\"role\":\"user\",\"content\":\"remove the formatting (remove the link and the bold style) from the last paragraph\"}],\"tool_choice\":{\"type\":\"function\",\"function\":{\"name\":\"json\"}},\"tools\":[{\"type\":\"function\",\"function\":{\"name\":\"json\",\"description\":\"Respond with a JSON object.\",\"parameters\":{\"type\":\"object\",\"properties\":{\"operations\":{\"type\":\"array\",\"items\":{\"anyOf\":[{\"type\":\"object\",\"description\":\"Update a block, the new block will replace the existing block.\",\"properties\":{\"type\":{\"type\":\"string\",\"enum\":[\"update\"]},\"id\":{\"type\":\"string\",\"description\":\"id of block to update\"},\"block\":{\"$ref\":\"#/$defs/block\"}},\"required\":[\"type\",\"id\",\"block\"],\"additionalProperties\":false},{\"type\":\"object\",\"description\":\"Insert new blocks\",\"properties\":{\"type\":{\"type\":\"string\",\"enum\":[\"add\"]},\"referenceId\":{\"type\":\"string\",\"description\":\"\"},\"position\":{\"type\":\"string\",\"enum\":[\"before\",\"after\"],\"description\":\"Whether new block(s) should be inserted before or after `referenceId`\"},\"blocks\":{\"items\":{\"$ref\":\"#/$defs/block\"},\"type\":\"array\"}},\"required\":[\"type\",\"referenceId\",\"position\",\"blocks\"],\"additionalProperties\":false},{\"type\":\"object\",\"description\":\"Delete a block\",\"properties\":{\"type\":{\"type\":\"string\",\"enum\":[\"delete\"]},\"id\":{\"type\":\"string\",\"description\":\"id of block to delete\"}},\"required\":[\"type\",\"id\"],\"additionalProperties\":false}]}}},\"additionalProperties\":false,\"required\":[\"operations\"],\"$defs\":{\"block\":{\"type\":\"string\",\"description\":\"markdown of block\"}}}}}]}",
    "headers": [],
    "cookies": []
  },
  "response": {
    "status": 200,
    "statusText": "",
    "body": "{\"id\":\"chatcmpl-6a376092-ccbc-49e4-9012-6ff7459bc31c\",\"object\":\"chat.completion\",\"created\":1742832164,\"model\":\"llama-3.3-70b-versatile\",\"choices\":[{\"index\":0,\"message\":{\"role\":\"assistant\",\"tool_calls\":[{\"id\":\"call_2mce\",\"type\":\"function\",\"function\":{\"name\":\"json\",\"arguments\":\"{\\\"operations\\\": [{\\\"type\\\": \\\"update\\\", \\\"id\\\": \\\"ref3$\\\", \\\"block\\\": \\\"Hello, world! Bold text. Link.\\\"}]}\"}}]},\"logprobs\":null,\"finish_reason\":\"tool_calls\"}],\"usage\":{\"queue_time\":0.147845099,\"prompt_tokens\":573,\"prompt_time\":0.036856938,\"completion_tokens\":34,\"completion_time\":0.132317689,\"total_tokens\":607,\"total_time\":0.169174627},\"system_fingerprint\":\"fp_b1483399f5\",\"x_groq\":{\"id\":\"req_01jq4e8qq6e6h9p5723ak7wr8v\"}}\n",
    "headers": []
  }
}