{
  "request": {
    "method": "POST",
    "url": "https://localhost:3000/ai?provider=groq&url=https%3A%2F%2Fapi.groq.com%2Fopenai%2Fv1%2Fchat%2Fcompletions",
    "body": "{\"model\":\"llama-3.3-70b-versatile\",\"temperature\":0,\"messages\":[{\"role\":\"system\",\"content\":\"You're manipulating a text document. Make sure to follow the json schema provided. This is the document as an array of blocks in markdown:\"},{\"role\":\"system\",\"content\":\"[{\\\"id\\\":\\\"0$\\\",\\\"block\\\":\\\"Hello\\\"},{\\\"id\\\":\\\"1$\\\",\\\"block\\\":\\\"World\\\"}]\"},{\"role\":\"user\",\"content\":\"change first paragraph to a heading\"}],\"tool_choice\":{\"type\":\"function\",\"function\":{\"name\":\"json\"}},\"tools\":[{\"type\":\"function\",\"function\":{\"name\":\"json\",\"description\":\"Respond with a JSON object.\",\"parameters\":{\"type\":\"object\",\"properties\":{\"operations\":{\"type\":\"array\",\"items\":{\"anyOf\":[{\"type\":\"object\",\"description\":\"Update a block, the new block will replace the existing block.\",\"properties\":{\"type\":{\"type\":\"string\",\"enum\":[\"update\"]},\"id\":{\"type\":\"string\",\"description\":\"id of block to update\"},\"block\":{\"$ref\":\"#/$defs/block\"}},\"required\":[\"type\",\"id\",\"block\"],\"additionalProperties\":false},{\"type\":\"object\",\"description\":\"Insert new blocks\",\"properties\":{\"type\":{\"type\":\"string\",\"enum\":[\"add\"]},\"referenceId\":{\"type\":\"string\",\"description\":\"\"},\"position\":{\"type\":\"string\",\"enum\":[\"before\",\"after\"],\"description\":\"Whether new block(s) should be inserted before or after `referenceId`\"},\"blocks\":{\"items\":{\"$ref\":\"#/$defs/block\"},\"type\":\"array\"}},\"required\":[\"type\",\"referenceId\",\"position\",\"blocks\"],\"additionalProperties\":false},{\"type\":\"object\",\"description\":\"Delete a block\",\"properties\":{\"type\":{\"type\":\"string\",\"enum\":[\"delete\"]},\"id\":{\"type\":\"string\",\"description\":\"id of block to delete\"}},\"required\":[\"type\",\"id\"],\"additionalProperties\":false}]}}},\"additionalProperties\":false,\"required\":[\"operations\"],\"$defs\":{\"block\":{\"type\":\"string\",\"description\":\"markdown of block\"}}}}}],\"stream\":true}",
    "headers": [],
    "cookies": []
  },
  "response": {
    "status": 200,
    "statusText": "",
    "body": "data: {\"id\":\"chatcmpl-1ebb86a7-46f1-4f92-8c7b-b9cee7d8df2f\",\"object\":\"chat.completion.chunk\",\"created\":1742832144,\"model\":\"llama-3.3-70b-versatile\",\"system_fingerprint\":\"fp_b1483399f5\",\"choices\":[{\"index\":0,\"delta\":{\"role\":\"assistant\",\"content\":null},\"logprobs\":null,\"finish_reason\":null}],\"x_groq\":{\"id\":\"req_01jq4e83k0er7bz28eas0f5wed\"}}\n\ndata: {\"id\":\"chatcmpl-1ebb86a7-46f1-4f92-8c7b-b9cee7d8df2f\",\"object\":\"chat.completion.chunk\",\"created\":1742832144,\"model\":\"llama-3.3-70b-versatile\",\"system_fingerprint\":\"fp_b1483399f5\",\"choices\":[{\"index\":0,\"delta\":{\"tool_calls\":[{\"id\":\"call_aw90\",\"type\":\"function\",\"function\":{\"name\":\"json\",\"arguments\":\"{\\\"operations\\\":[{\\\"type\\\":\\\"update\\\",\\\"id\\\":\\\"0$\\\",\\\"block\\\":\\\"# Hello\\\"}]}\"},\"index\":0}]},\"logprobs\":null,\"finish_reason\":null}]}\n\ndata: {\"id\":\"chatcmpl-1ebb86a7-46f1-4f92-8c7b-b9cee7d8df2f\",\"object\":\"chat.completion.chunk\",\"created\":1742832144,\"model\":\"llama-3.3-70b-versatile\",\"system_fingerprint\":\"fp_b1483399f5\",\"choices\":[{\"index\":0,\"delta\":{},\"logprobs\":null,\"finish_reason\":\"tool_calls\"}],\"x_groq\":{\"id\":\"req_01jq4e83k0er7bz28eas0f5wed\",\"usage\":{\"queue_time\":0.136705353,\"prompt_tokens\":518,\"prompt_time\":0.033566248,\"completion_tokens\":21,\"completion_time\":0.087886528,\"total_tokens\":539,\"total_time\":0.121452776}}}\n\ndata: [DONE]\n\n",
    "headers": []
  }
}