{
  "request": {
    "method": "POST",
    "url": "https://localhost:3000/ai?provider=albert-etalab&url=https%3A%2F%2Falbert.api.etalab.gouv.fr%2Fv1%2Fchat%2Fcompletions",
    "body": "{\"model\":\"neuralmagic/Meta-Llama-3.1-70B-Instruct-FP8\",\"temperature\":0,\"messages\":[{\"role\":\"system\",\"content\":\"You're manipulating a text document. Make sure to follow the json schema provided. This is the document as an array of blocks in markdown:\"},{\"role\":\"system\",\"content\":\"[{\\\"id\\\":\\\"0$\\\",\\\"block\\\":\\\"Hello\\\"}]\"},{\"role\":\"user\",\"content\":\"Add a paragraph with text \\\"Test\\\" after the first paragraph\"}],\"tool_choice\":{\"type\":\"function\",\"function\":{\"name\":\"json\"}},\"tools\":[{\"type\":\"function\",\"function\":{\"name\":\"json\",\"description\":\"Respond with a JSON object.\",\"parameters\":{\"type\":\"object\",\"properties\":{\"operations\":{\"type\":\"array\",\"items\":{\"anyOf\":[{\"type\":\"object\",\"description\":\"Update a block, the new block will replace the existing block.\",\"properties\":{\"type\":{\"type\":\"string\",\"enum\":[\"update\"]},\"id\":{\"type\":\"string\",\"description\":\"id of block to update\"},\"block\":{\"$ref\":\"#/$defs/block\"}},\"required\":[\"type\",\"id\",\"block\"],\"additionalProperties\":false},{\"type\":\"object\",\"description\":\"Insert new blocks\",\"properties\":{\"type\":{\"type\":\"string\",\"enum\":[\"add\"]},\"referenceId\":{\"type\":\"string\",\"description\":\"\"},\"position\":{\"type\":\"string\",\"enum\":[\"before\",\"after\"],\"description\":\"Whether new block(s) should be inserted before or after `referenceId`\"},\"blocks\":{\"items\":{\"$ref\":\"#/$defs/block\"},\"type\":\"array\"}},\"required\":[\"type\",\"referenceId\",\"position\",\"blocks\"],\"additionalProperties\":false},{\"type\":\"object\",\"description\":\"Delete a block\",\"properties\":{\"type\":{\"type\":\"string\",\"enum\":[\"delete\"]},\"id\":{\"type\":\"string\",\"description\":\"id of block to delete\"}},\"required\":[\"type\",\"id\"],\"additionalProperties\":false}]}}},\"additionalProperties\":false,\"required\":[\"operations\"],\"$defs\":{\"block\":{\"type\":\"string\",\"description\":\"markdown of block\"}}}}}]}",
    "headers": [],
    "cookies": []
  },
  "response": {
    "status": 200,
    "statusText": "",
    "body": "{\"id\":\"chatcmpl-4ca702acb09848fba58079c5e5d3f29b\",\"choices\":[{\"finish_reason\":\"stop\",\"index\":0,\"logprobs\":null,\"message\":{\"content\":\"\",\"refusal\":null,\"role\":\"assistant\",\"audio\":null,\"function_call\":null,\"tool_calls\":[{\"id\":\"chatcmpl-tool-be43aa998cc240069e015aa454bd91f3\",\"function\":{\"arguments\":\"{\\\"operations\\\": [{\\\"type\\\": \\\"add\\\", \\\"referenceId\\\": \\\"0$\\\", \\\"position\\\": \\\"after\\\", \\\"blocks\\\": [\\\"Test\\\"]}] }\",\"name\":\"json\"},\"type\":\"function\"}]},\"stop_reason\":null}],\"created\":1742760861,\"model\":\"neuralmagic/Meta-Llama-3.1-70B-Instruct-FP8\",\"object\":\"chat.completion\",\"service_tier\":null,\"system_fingerprint\":null,\"usage\":{\"completion_tokens\":31,\"prompt_tokens\":690,\"total_tokens\":721,\"completion_tokens_details\":null,\"prompt_tokens_details\":null},\"search_results\":[],\"prompt_logprobs\":null}",
    "headers": []
  }
}