{
  "request": {
    "method": "POST",
    "url": "https://localhost:3000/ai?provider=groq&url=https%3A%2F%2Fapi.groq.com%2Fopenai%2Fv1%2Fchat%2Fcompletions",
    "body": "{\"model\":\"llama-3.3-70b-versatile\",\"temperature\":0,\"messages\":[{\"role\":\"system\",\"content\":\"You're manipulating a text document. Make sure to follow the json schema provided. This is the document as an array of blocks in markdown:\"},{\"role\":\"system\",\"content\":\"[{\\\"id\\\":\\\"ref1$\\\",\\\"block\\\":\\\"Hello, world!\\\"},{\\\"id\\\":\\\"ref2$\\\",\\\"block\\\":\\\"Hello, @John Doe! How **are you doing?**\\\"},{\\\"id\\\":\\\"ref3$\\\",\\\"block\\\":\\\"Hello, world! **Bold text. **[Link.](https://www.google.com)\\\"}]\"},{\"role\":\"user\",\"content\":\"remove the formatting (turn into plain text without styles or urls) from the last paragraph\"}],\"tool_choice\":{\"type\":\"function\",\"function\":{\"name\":\"json\"}},\"tools\":[{\"type\":\"function\",\"function\":{\"name\":\"json\",\"description\":\"Respond with a JSON object.\",\"parameters\":{\"type\":\"object\",\"properties\":{\"operations\":{\"type\":\"array\",\"items\":{\"anyOf\":[{\"type\":\"object\",\"description\":\"Update a block, the new block will replace the existing block.\",\"properties\":{\"type\":{\"type\":\"string\",\"enum\":[\"update\"]},\"id\":{\"type\":\"string\",\"description\":\"id of block to update\"},\"block\":{\"$ref\":\"#/$defs/block\"}},\"required\":[\"type\",\"id\",\"block\"],\"additionalProperties\":false},{\"type\":\"object\",\"description\":\"Insert new blocks\",\"properties\":{\"type\":{\"type\":\"string\",\"enum\":[\"add\"]},\"referenceId\":{\"type\":\"string\",\"description\":\"\"},\"position\":{\"type\":\"string\",\"enum\":[\"before\",\"after\"],\"description\":\"Whether new block(s) should be inserted before or after `referenceId`\"},\"blocks\":{\"items\":{\"$ref\":\"#/$defs/block\"},\"type\":\"array\"}},\"required\":[\"type\",\"referenceId\",\"position\",\"blocks\"],\"additionalProperties\":false},{\"type\":\"object\",\"description\":\"Delete a block\",\"properties\":{\"type\":{\"type\":\"string\",\"enum\":[\"delete\"]},\"id\":{\"type\":\"string\",\"description\":\"id of block to delete\"}},\"required\":[\"type\",\"id\"],\"additionalProperties\":false}]}}},\"additionalProperties\":false,\"required\":[\"operations\"],\"$defs\":{\"block\":{\"type\":\"string\",\"description\":\"markdown of block\"}}}}}],\"stream\":true}",
    "headers": [],
    "cookies": []
  },
  "response": {
    "status": 200,
    "statusText": "",
    "body": "data: {\"id\":\"chatcmpl-f9f1dac0-31cb-40a8-a89f-22fc3c5785a2\",\"object\":\"chat.completion.chunk\",\"created\":1742837329,\"model\":\"llama-3.3-70b-versatile\",\"system_fingerprint\":\"fp_41c250edc7\",\"choices\":[{\"index\":0,\"delta\":{\"role\":\"assistant\",\"content\":null},\"logprobs\":null,\"finish_reason\":null}],\"x_groq\":{\"id\":\"req_01jq4k6awfffabttnem13c8n1q\"}}\n\ndata: {\"id\":\"chatcmpl-f9f1dac0-31cb-40a8-a89f-22fc3c5785a2\",\"object\":\"chat.completion.chunk\",\"created\":1742837329,\"model\":\"llama-3.3-70b-versatile\",\"system_fingerprint\":\"fp_41c250edc7\",\"choices\":[{\"index\":0,\"delta\":{\"tool_calls\":[{\"id\":\"call_nw49\",\"type\":\"function\",\"function\":{\"name\":\"json\",\"arguments\":\"{\\\"operations\\\": [{\\\"type\\\": \\\"update\\\", \\\"id\\\": \\\"ref3$\\\", \\\"block\\\": \\\"Hello, world! Bold text. Link.\\\"}]}\"},\"index\":0}]},\"logprobs\":null,\"finish_reason\":null}]}\n\ndata: {\"id\":\"chatcmpl-f9f1dac0-31cb-40a8-a89f-22fc3c5785a2\",\"object\":\"chat.completion.chunk\",\"created\":1742837329,\"model\":\"llama-3.3-70b-versatile\",\"system_fingerprint\":\"fp_41c250edc7\",\"choices\":[{\"index\":0,\"delta\":{},\"logprobs\":null,\"finish_reason\":\"tool_calls\"}],\"x_groq\":{\"id\":\"req_01jq4k6awfffabttnem13c8n1q\",\"usage\":{\"queue_time\":0.310198633,\"prompt_tokens\":574,\"prompt_time\":0.052326097,\"completion_tokens\":34,\"completion_time\":0.126871319,\"total_tokens\":608,\"total_time\":0.179197416}}}\n\ndata: [DONE]\n\n",
    "headers": []
  }
}