{
  "request": {
    "method": "POST",
    "url": "https://localhost:3000/ai?provider=groq&url=https%3A%2F%2Fapi.groq.com%2Fopenai%2Fv1%2Fchat%2Fcompletions",
    "body": "{\"model\":\"llama-3.3-70b-versatile\",\"temperature\":0,\"messages\":[{\"role\":\"system\",\"content\":\"You're manipulating a text document. Make sure to follow the json schema provided. This is the document as an array of blocks in markdown:\"},{\"role\":\"system\",\"content\":\"[{\\\"id\\\":\\\"ref1$\\\",\\\"block\\\":\\\"Hello, world!\\\"},{\\\"id\\\":\\\"ref2$\\\",\\\"block\\\":\\\"Hello, @John Doe! How **are you doing?**\\\"},{\\\"id\\\":\\\"ref3$\\\",\\\"block\\\":\\\"Hello, world! **Bold text. **[Link.](https://www.google.com)\\\"}]\"},{\"role\":\"user\",\"content\":\"update the content of the first block to 'Hello, updated content'\"}],\"tool_choice\":{\"type\":\"function\",\"function\":{\"name\":\"json\"}},\"tools\":[{\"type\":\"function\",\"function\":{\"name\":\"json\",\"description\":\"Respond with a JSON object.\",\"parameters\":{\"type\":\"object\",\"properties\":{\"operations\":{\"type\":\"array\",\"items\":{\"anyOf\":[{\"type\":\"object\",\"description\":\"Update a block, the new block will replace the existing block.\",\"properties\":{\"type\":{\"type\":\"string\",\"enum\":[\"update\"]},\"id\":{\"type\":\"string\",\"description\":\"id of block to update\"},\"block\":{\"$ref\":\"#/$defs/block\"}},\"required\":[\"type\",\"id\",\"block\"],\"additionalProperties\":false},{\"type\":\"object\",\"description\":\"Insert new blocks\",\"properties\":{\"type\":{\"type\":\"string\",\"enum\":[\"add\"]},\"referenceId\":{\"type\":\"string\",\"description\":\"\"},\"position\":{\"type\":\"string\",\"enum\":[\"before\",\"after\"],\"description\":\"Whether new block(s) should be inserted before or after `referenceId`\"},\"blocks\":{\"items\":{\"$ref\":\"#/$defs/block\"},\"type\":\"array\"}},\"required\":[\"type\",\"referenceId\",\"position\",\"blocks\"],\"additionalProperties\":false},{\"type\":\"object\",\"description\":\"Delete a block\",\"properties\":{\"type\":{\"type\":\"string\",\"enum\":[\"delete\"]},\"id\":{\"type\":\"string\",\"description\":\"id of block to delete\"}},\"required\":[\"type\",\"id\"],\"additionalProperties\":false}]}}},\"additionalProperties\":false,\"required\":[\"operations\"],\"$defs\":{\"block\":{\"type\":\"string\",\"description\":\"markdown of block\"}}}}}],\"stream\":true}",
    "headers": [],
    "cookies": []
  },
  "response": {
    "status": 200,
    "statusText": "",
    "body": "data: {\"id\":\"chatcmpl-72be5c9e-e99f-4fe8-8d8e-e2b2c0b624a1\",\"object\":\"chat.completion.chunk\",\"created\":1742837260,\"model\":\"llama-3.3-70b-versatile\",\"system_fingerprint\":\"fp_fcc3b74982\",\"choices\":[{\"index\":0,\"delta\":{\"role\":\"assistant\",\"content\":null},\"logprobs\":null,\"finish_reason\":null}],\"x_groq\":{\"id\":\"req_01jq4k3xt1fw9rk475p70rrpad\"}}\n\ndata: {\"id\":\"chatcmpl-72be5c9e-e99f-4fe8-8d8e-e2b2c0b624a1\",\"object\":\"chat.completion.chunk\",\"created\":1742837261,\"model\":\"llama-3.3-70b-versatile\",\"system_fingerprint\":\"fp_fcc3b74982\",\"choices\":[{\"index\":0,\"delta\":{\"tool_calls\":[{\"id\":\"call_q5g9\",\"type\":\"function\",\"function\":{\"name\":\"json\",\"arguments\":\"{\\\"operations\\\": [{\\\"type\\\": \\\"update\\\", \\\"id\\\": \\\"ref1$\\\", \\\"block\\\": \\\"Hello, updated content\\\"}]}\"},\"index\":0}]},\"logprobs\":null,\"finish_reason\":null}]}\n\ndata: {\"id\":\"chatcmpl-72be5c9e-e99f-4fe8-8d8e-e2b2c0b624a1\",\"object\":\"chat.completion.chunk\",\"created\":1742837261,\"model\":\"llama-3.3-70b-versatile\",\"system_fingerprint\":\"fp_fcc3b74982\",\"choices\":[{\"index\":0,\"delta\":{},\"logprobs\":null,\"finish_reason\":\"tool_calls\"}],\"x_groq\":{\"id\":\"req_01jq4k3xt1fw9rk475p70rrpad\",\"usage\":{\"queue_time\":11.064766911,\"prompt_tokens\":571,\"prompt_time\":0.082754928,\"completion_tokens\":29,\"completion_time\":0.105454545,\"total_tokens\":600,\"total_time\":0.188209473}}}\n\ndata: [DONE]\n\n",
    "headers": []
  }
}