{
  "request": {
    "method": "POST",
    "url": "https://localhost:3000/ai?provider=groq&url=https%3A%2F%2Fapi.groq.com%2Fopenai%2Fv1%2Fchat%2Fcompletions",
    "body": "{\"model\":\"llama-3.3-70b-versatile\",\"temperature\":0,\"messages\":[{\"role\":\"system\",\"content\":\"You're manipulating a text document. Make sure to follow the json schema provided. This is the document as an array of blocks in markdown:\"},{\"role\":\"system\",\"content\":\"[{\\\"id\\\":\\\"ref1$\\\",\\\"block\\\":\\\"Hello, world!\\\"},{\\\"id\\\":\\\"ref2$\\\",\\\"block\\\":\\\"Hello, @John Doe! How **are you doing?**\\\"},{\\\"id\\\":\\\"ref3$\\\",\\\"block\\\":\\\"Hello, world! **Bold text. **[Link.](https://www.google.com)\\\"}]\"},{\"role\":\"user\",\"content\":\"make the first paragraph a heading and update the content to 'What's up, world!'\"}],\"tool_choice\":{\"type\":\"function\",\"function\":{\"name\":\"json\"}},\"tools\":[{\"type\":\"function\",\"function\":{\"name\":\"json\",\"description\":\"Respond with a JSON object.\",\"parameters\":{\"type\":\"object\",\"properties\":{\"operations\":{\"type\":\"array\",\"items\":{\"anyOf\":[{\"type\":\"object\",\"description\":\"Update a block, the new block will replace the existing block.\",\"properties\":{\"type\":{\"type\":\"string\",\"enum\":[\"update\"]},\"id\":{\"type\":\"string\",\"description\":\"id of block to update\"},\"block\":{\"$ref\":\"#/$defs/block\"}},\"required\":[\"type\",\"id\",\"block\"],\"additionalProperties\":false},{\"type\":\"object\",\"description\":\"Insert new blocks\",\"properties\":{\"type\":{\"type\":\"string\",\"enum\":[\"add\"]},\"referenceId\":{\"type\":\"string\",\"description\":\"\"},\"position\":{\"type\":\"string\",\"enum\":[\"before\",\"after\"],\"description\":\"Whether new block(s) should be inserted before or after `referenceId`\"},\"blocks\":{\"items\":{\"$ref\":\"#/$defs/block\"},\"type\":\"array\"}},\"required\":[\"type\",\"referenceId\",\"position\",\"blocks\"],\"additionalProperties\":false},{\"type\":\"object\",\"description\":\"Delete a block\",\"properties\":{\"type\":{\"type\":\"string\",\"enum\":[\"delete\"]},\"id\":{\"type\":\"string\",\"description\":\"id of block to delete\"}},\"required\":[\"type\",\"id\"],\"additionalProperties\":false}]}}},\"additionalProperties\":false,\"required\":[\"operations\"],\"$defs\":{\"block\":{\"type\":\"string\",\"description\":\"markdown of block\"}}}}}],\"stream\":true}",
    "headers": [],
    "cookies": []
  },
  "response": {
    "status": 200,
    "statusText": "",
    "body": "data: {\"id\":\"chatcmpl-d19582fa-4029-4b16-9f5b-f5e0c9b51e95\",\"object\":\"chat.completion.chunk\",\"created\":1742837261,\"model\":\"llama-3.3-70b-versatile\",\"system_fingerprint\":\"fp_41c250edc7\",\"choices\":[{\"index\":0,\"delta\":{\"role\":\"assistant\",\"content\":null},\"logprobs\":null,\"finish_reason\":null}],\"x_groq\":{\"id\":\"req_01jq4k47kcfbmv052g7qrmswtv\"}}\n\ndata: {\"id\":\"chatcmpl-d19582fa-4029-4b16-9f5b-f5e0c9b51e95\",\"object\":\"chat.completion.chunk\",\"created\":1742837262,\"model\":\"llama-3.3-70b-versatile\",\"system_fingerprint\":\"fp_41c250edc7\",\"choices\":[{\"index\":0,\"delta\":{\"tool_calls\":[{\"id\":\"call_0g2z\",\"type\":\"function\",\"function\":{\"name\":\"json\",\"arguments\":\"{\\\"operations\\\": [{\\\"type\\\": \\\"update\\\", \\\"id\\\": \\\"ref1$\\\", \\\"block\\\": \\\"# What's up, world!\\\"}]}\"},\"index\":0}]},\"logprobs\":null,\"finish_reason\":null}]}\n\ndata: {\"id\":\"chatcmpl-d19582fa-4029-4b16-9f5b-f5e0c9b51e95\",\"object\":\"chat.completion.chunk\",\"created\":1742837262,\"model\":\"llama-3.3-70b-versatile\",\"system_fingerprint\":\"fp_41c250edc7\",\"choices\":[{\"index\":0,\"delta\":{},\"logprobs\":null,\"finish_reason\":\"tool_calls\"}],\"x_groq\":{\"id\":\"req_01jq4k47kcfbmv052g7qrmswtv\",\"usage\":{\"queue_time\":1.567075569,\"prompt_tokens\":575,\"prompt_time\":0.461713205,\"completion_tokens\":31,\"completion_time\":0.112727273,\"total_tokens\":606,\"total_time\":0.574440478}}}\n\ndata: [DONE]\n\n",
    "headers": []
  }
}