<office:document-content xmlns:office="urn:oasis:names:tc:opendocument:xmlns:office:1.0" xmlns:text="urn:oasis:names:tc:opendocument:xmlns:text:1.0" xmlns:table="urn:oasis:names:tc:opendocument:xmlns:table:1.0" xmlns:draw="urn:oasis:names:tc:opendocument:xmlns:drawing:1.0" xmlns:xlink="http://www.w3.org/1999/xlink" xmlns:style="urn:oasis:names:tc:opendocument:xmlns:style:1.0" xmlns:fo="urn:oasis:names:tc:opendocument:xmlns:xsl-fo-compatible:1.0" xmlns:svg="urn:oasis:names:tc:opendocument:xmlns:svg-compatible:1.0" xmlns:loext="urn:org:documentfoundation:names:experimental:office:xmlns:loext:1.0" office:version="1.3">
    <office:font-face-decls>
        <style:font-face style:name="Inter" svg:font-family="Inter">
            <svg:font-face-src>
                <svg:font-face-uri xlink:href="Fonts/Inter_18pt-Regular.ttf" xlink:type="simple">
                    <svg:font-face-format svg:string="truetype"></svg:font-face-format>
                </svg:font-face-uri>
            </svg:font-face-src>
        </style:font-face>
        <style:font-face style:name="Geist Mono" svg:font-family="Geist Mono">
            <svg:font-face-src>
                <svg:font-face-uri xlink:href="Fonts/GeistMono-Regular.ttf" xlink:type="simple">
                    <svg:font-face-format svg:string="truetype"></svg:font-face-format>
                </svg:font-face-uri>
            </svg:font-face-src>
        </style:font-face>
    </office:font-face-decls>
    <office:automatic-styles>
        <style:style style:family="paragraph" style:name="BN_S1"></style:style>
        <style:style style:family="paragraph" style:name="BN_S2"></style:style>
        <style:style style:family="paragraph" style:name="BN_S3"></style:style>
        <style:style style:name="BN_T4" style:family="text">
            <style:text-properties fo:font-style="italic"></style:text-properties>
        </style:style>
        <style:style style:name="BN_T5" style:family="text">
            <style:text-properties fo:font-style="italic" fo:font-weight="bold"></style:text-properties>
        </style:style>
        <style:style style:family="paragraph" style:name="BN_S6">
            <loext:graphic-properties draw:fill="solid" draw:fill-color="#fbe4e4"></loext:graphic-properties>
        </style:style>
        <style:style style:name="BN_T7" style:family="text">
            <style:text-properties fo:font-weight="bold"></style:text-properties>
        </style:style>
        <style:style style:family="paragraph" style:name="BN_S8"></style:style>
        <style:style style:family="paragraph" style:name="BN_S9" style:parent-style-name="Heading_20_1"></style:style>
        <style:style style:family="paragraph" style:name="BN_S10" style:parent-style-name="Heading_20_1">
            <style:paragraph-properties fo:text-align="end"></style:paragraph-properties>
        </style:style>
        <style:style style:family="paragraph" style:name="BN_S11">
            <style:paragraph-properties fo:text-align="justify"></style:paragraph-properties>
        </style:style>
        <style:style style:family="paragraph" style:name="BN_S12"></style:style>
        <style:style style:family="paragraph" style:name="BN_S13">
            <style:paragraph-properties fo:text-align="end"></style:paragraph-properties>
        </style:style>
        <style:style style:family="paragraph" style:name="BN_S14"></style:style>
        <style:style style:family="paragraph" style:name="BN_S15"></style:style>
        <style:style style:family="paragraph" style:name="BN_S16"></style:style>
        <style:style style:family="paragraph" style:name="BN_S17">
            <loext:graphic-properties draw:fill="solid" draw:fill-color="#fbe4e4"></loext:graphic-properties>
            <style:paragraph-properties fo:text-align="end" fo:background-color="#fbe4e4"></style:paragraph-properties>
            <style:text-properties fo:color="#0b6e99"></style:text-properties>
        </style:style>
        <style:style style:family="paragraph" style:name="BN_S18">
            <loext:graphic-properties draw:fill="solid" draw:fill-color="#fbe4e4"></loext:graphic-properties>
            <style:paragraph-properties fo:text-align="center" fo:background-color="#fbe4e4"></style:paragraph-properties>
            <style:text-properties fo:color="#0b6e99"></style:text-properties>
        </style:style>
        <style:style style:family="paragraph" style:name="BN_S19"></style:style>
        <style:style style:family="paragraph" style:name="BN_S20"></style:style>
        <style:style style:family="paragraph" style:name="BN_S21"></style:style>
        <style:style style:family="table-cell" style:name="BN_S22">
            <style:table-cell-properties fo:border="0.0069in solid #000000" style:writing-mode="lr-tb" fo:padding-top="0in" fo:padding-left="0.075in" fo:padding-bottom="0in" fo:padding-right="0.075in"></style:table-cell-properties>
        </style:style>
        <style:style style:name="BN_S23" style:family="table-column">
            <style:table-column-properties style:column-width="2.6542857142857144in"></style:table-column-properties>
        </style:style>
        <style:style style:name="BN_S24" style:family="table-column">
            <style:table-column-properties style:use-optimal-column-width="true"></style:table-column-properties>
        </style:style>
        <style:style style:name="BN_S25" style:family="table-column">
            <style:table-column-properties style:use-optimal-column-width="true"></style:table-column-properties>
        </style:style>
        <style:style style:family="paragraph" style:name="BN_S26"></style:style>
        <style:style style:family="paragraph" style:name="BN_S27">
            <style:paragraph-properties fo:text-align="end"></style:paragraph-properties>
        </style:style>
        <style:style style:family="paragraph" style:name="BN_S28"></style:style>
        <style:style style:family="paragraph" style:name="BN_S29"></style:style>
        <style:style style:name="BN_T30" style:family="text">
            <style:text-properties fo:font-weight="bold"></style:text-properties>
        </style:style>
        <style:style style:family="paragraph" style:name="BN_S31"></style:style>
        <style:style style:name="BN_T32" style:family="text">
            <style:text-properties fo:font-weight="bold" fo:font-style="italic" fo:color="#e03e3e" fo:background-color="#ddebf1"></style:text-properties>
        </style:style>
        <style:style style:family="table-cell" style:name="BN_S33">
            <style:table-cell-properties fo:border="0.0069in solid #000000" style:writing-mode="lr-tb" fo:padding-top="0in" fo:padding-left="0.075in" fo:padding-bottom="0in" fo:padding-right="0.075in"></style:table-cell-properties>
        </style:style>
        <style:style style:name="BN_S34" style:family="table-column">
            <style:table-column-properties style:use-optimal-column-width="true"></style:table-column-properties>
        </style:style>
        <style:style style:name="BN_S35" style:family="table-column">
            <style:table-column-properties style:use-optimal-column-width="true"></style:table-column-properties>
        </style:style>
        <style:style style:name="BN_S36" style:family="table-column">
            <style:table-column-properties style:use-optimal-column-width="true"></style:table-column-properties>
        </style:style>
        <style:style style:name="BN_T37" style:family="text">
            <style:text-properties fo:font-weight="bold"></style:text-properties>
        </style:style>
    </office:automatic-styles>
    <office:master-styles>
        <style:master-page style:name="Standard" style:page-layout-name="Mpm1" draw:style-name="Mdp1">
            <style:header>
                <text:p text:style-name="MP1">
                    HEADER
                </text:p>
            </style:header>
            <style:footer>
                <text:p text:style-name="MP2">
                    FOOTER
                </text:p>
            </style:footer>
        </style:master-page>
    </office:master-styles>
    <office:body>
        <office:text>
            <text:p text:style-name="BN_S3">
                <text:span text:style-name="BN_T4">
                    Welcome to this
                </text:span>
                <text:span text:style-name="BN_T5">
                    demo 🙌!
                </text:span>
            </text:p>
            <text:p text:style-name="BN_S2">
                <text:tab></text:tab>
                Hello World nested
            </text:p>
            <text:p text:style-name="BN_S1">
                <text:tab></text:tab>
                <text:tab></text:tab>
                Hello World double nested
            </text:p>
            <text:p text:style-name="BN_S6">
                <text:span text:style-name="BN_T7">
                    This paragraph has a background color
                </text:span>
            </text:p>
            <text:p text:style-name="BN_S8">
                Paragraph
            </text:p>
            <text:h text:outline-level="1" text:style-name="BN_S9">
                Heading
            </text:h>
            <text:h text:outline-level="1" text:style-name="BN_S10">
                Heading right
            </text:h>
            <text:p text:style-name="BN_S11">
                justified paragraph. Lorem ipsum dolor sit amet, consectetur adipiscing elit, sed do eiusmod tempor incididunt ut labore et dolore magna aliqua. Ut enim ad minim veniam, quis nostrud exercitation ullamco laboris nisi ut aliquip ex ea commodo consequat.
            </text:p>
            <text:p text:style-name="PageBreak"></text:p>
            <text:list text:style-name="WWNum1">
                <text:list-item>
                    <text:p text:style-name="BN_S20">
                        Bullet List Item. Lorem ipsum dolor sit amet, consectetur adipiscing elit, sed do eiusmod tempor incididunt ut labore et dolore magna aliqua. Ut enim ad minim veniam, quis nostrud exercitation ullamco laboris nisi ut aliquip ex ea commodo consequat.
                    </text:p>
                </text:list-item>
            </text:list>
            <text:list text:style-name="WWNum1">
                <text:list-item>
                    <text:list>
                        <text:list-item>
                            <text:p text:style-name="BN_S12">
                                Bullet List Item.  Lorem ipsum dolor sit amet, consectetur adipiscing elit, sed do eiusmod tempor incididunt ut labore et dolore magna aliqua. Ut enim ad minim veniam, quis nostrud exercitation ullamco laboris nisi ut aliquip ex ea commodo consequat.
                            </text:p>
                        </text:list-item>
                    </text:list>
                </text:list-item>
            </text:list>
            <text:list text:style-name="WWNum1">
                <text:list-item>
                    <text:list>
                        <text:list-item>
                            <text:p text:style-name="BN_S13">
                                Bullet List Item right. Lorem ipsum dolor sit amet, consectetur adipiscing elit, sed do eiusmod tempor incididunt ut labore et dolore magna aliqua. Ut enim ad minim veniam, quis nostrud exercitation ullamco laboris nisi ut aliquip ex ea commodo consequat.
                            </text:p>
                        </text:list-item>
                    </text:list>
                </text:list-item>
            </text:list>
            <text:list text:style-name="No_20_List" text:continue-numbering="false">
                <text:list-item>
                    <text:list>
                        <text:list-item>
                            <text:p text:style-name="BN_S14">
                                Numbered List Item 1
                            </text:p>
                        </text:list-item>
                    </text:list>
                </text:list-item>
            </text:list>
            <text:list text:style-name="No_20_List" text:continue-numbering="true">
                <text:list-item>
                    <text:list>
                        <text:list-item>
                            <text:p text:style-name="BN_S19">
                                Numbered List Item 2
                            </text:p>
                        </text:list-item>
                    </text:list>
                </text:list-item>
            </text:list>
            <text:list text:style-name="No_20_List" text:continue-numbering="false">
                <text:list-item>
                    <text:list>
                        <text:list-item>
                            <text:list>
                                <text:list-item>
                                    <text:p text:style-name="BN_S15">
                                        Numbered List Item Nested 1
                                    </text:p>
                                </text:list-item>
                            </text:list>
                        </text:list-item>
                    </text:list>
                </text:list-item>
            </text:list>
            <text:list text:style-name="No_20_List" text:continue-numbering="true">
                <text:list-item>
                    <text:list>
                        <text:list-item>
                            <text:list>
                                <text:list-item>
                                    <text:p text:style-name="BN_S16">
                                        Numbered List Item Nested 2
                                    </text:p>
                                </text:list-item>
                            </text:list>
                        </text:list-item>
                    </text:list>
                </text:list-item>
            </text:list>
            <text:list text:style-name="No_20_List" text:continue-numbering="true">
                <text:list-item>
                    <text:list>
                        <text:list-item>
                            <text:list>
                                <text:list-item>
                                    <text:p text:style-name="BN_S17">
                                        Numbered List Item Nested funky right
                                    </text:p>
                                </text:list-item>
                            </text:list>
                        </text:list-item>
                    </text:list>
                </text:list-item>
            </text:list>
            <text:list text:style-name="No_20_List" text:continue-numbering="true">
                <text:list-item>
                    <text:list>
                        <text:list-item>
                            <text:list>
                                <text:list-item>
                                    <text:p text:style-name="BN_S18">
                                        Numbered List Item Nested funky center
                                    </text:p>
                                </text:list-item>
                            </text:list>
                        </text:list-item>
                    </text:list>
                </text:list-item>
            </text:list>
            <text:list text:style-name="No_20_List" text:continue-numbering="false">
                <text:list-item>
                    <text:p text:style-name="BN_S21">
                        Numbered List Item
                    </text:p>
                </text:list-item>
            </text:list>
            <text:p>
                <text:span>
                    ☐
                    <!-- -->
                </text:span>
                Check List Item
            </text:p>
            <table:table table:name="">
                <table:table-column table:style-name="BN_S23"></table:table-column>
                <table:table-column table:style-name="BN_S24"></table:table-column>
                <table:table-column table:style-name="BN_S25"></table:table-column>
                <table:table-row>
                    <table:table-cell table:style-name="BN_S22" office:value-type="string">
                        <text:p>
                            Wide Cell
                        </text:p>
                    </table:table-cell>
                    <table:table-cell table:style-name="BN_S22" office:value-type="string">
                        <text:p>
                            Table Cell
                        </text:p>
                    </table:table-cell>
                    <table:table-cell table:style-name="BN_S22" office:value-type="string">
                        <text:p>
                            Table Cell
                        </text:p>
                    </table:table-cell>
                </table:table-row>
                <table:table-row>
                    <table:table-cell table:style-name="BN_S22" office:value-type="string">
                        <text:p>
                            Wide Cell
                        </text:p>
                    </table:table-cell>
                    <table:table-cell table:style-name="BN_S22" office:value-type="string">
                        <text:p>
                            Table Cell
                        </text:p>
                    </table:table-cell>
                    <table:table-cell table:style-name="BN_S22" office:value-type="string">
                        <text:p>
                            Table Cell
                        </text:p>
                    </table:table-cell>
                </table:table-row>
                <table:table-row>
                    <table:table-cell table:style-name="BN_S22" office:value-type="string">
                        <text:p>
                            Wide Cell
                        </text:p>
                    </table:table-cell>
                    <table:table-cell table:style-name="BN_S22" office:value-type="string">
                        <text:p>
                            Table Cell
                        </text:p>
                    </table:table-cell>
                    <table:table-cell table:style-name="BN_S22" office:value-type="string">
                        <text:p>
                            Table Cell
                        </text:p>
                    </table:table-cell>
                </table:table-row>
            </table:table>
            <text:p>
                <text:a xlink:type="simple" xlink:href="">
                    Open file
                </text:a>
            </text:p>
            <text:p text:style-name="BN_S26">
                <draw:frame draw:style-name="Frame" style:rel-height="scale" style:rel-width="82.18298555377207%" text:anchor-type="as-char">
                    <draw:text-box>
                        <text:p text:style-name="Caption">
                            <draw:frame draw:style-name="Frame" style:rel-height="scale" style:rel-width="100%">
                                <draw:image xlink:href="Pictures/picture-0.jpg" xlink:type="simple" xlink:show="embed" xlink:actuate="onLoad" draw:mime-type="image/jpeg"></draw:image>
                            </draw:frame>
                            <text:span text:style-name="Caption">
                                From https://interactive-examples.mdn.mozilla.net/media/cc0-images/grapefruit-slice-332-332.jpg
                            </text:span>
                        </text:p>
                    </draw:text-box>
                </draw:frame>
            </text:p>
            <text:p text:style-name="BN_S27">
                <draw:frame draw:style-name="Frame" style:rel-height="scale" style:rel-width="32.102728731942214%" text:anchor-type="as-char">
                    <draw:image xlink:href="Pictures/picture-0.jpg" xlink:type="simple" xlink:show="embed" xlink:actuate="onLoad" draw:mime-type="image/jpeg"></draw:image>
                </draw:frame>
                <text:span text:style-name="Caption"></text:span>
            </text:p>
            <text:p>
                <text:a xlink:type="simple" xlink:href="https://interactive-examples.mdn.mozilla.net/media/cc0-videos/flower.webm">
                    Open video
                </text:a>
            </text:p>
            <text:p text:style-name="Caption">
                From https://interactive-examples.mdn.mozilla.net/media/cc0-videos/flower.webm
            </text:p>
            <text:p>
                <text:a xlink:type="simple" xlink:href="https://interactive-examples.mdn.mozilla.net/media/cc0-audio/t-rex-roar.mp3">
                    Open audio
                </text:a>
            </text:p>
            <text:p text:style-name="Caption">
                From https://interactive-examples.mdn.mozilla.net/media/cc0-audio/t-rex-roar.mp3
            </text:p>
            <text:p text:style-name="BN_S28"></text:p>
            <text:p>
                <text:a xlink:type="simple" xlink:href="">
                    Open audio
                </text:a>
            </text:p>
            <text:p text:style-name="Caption">
                Audio file caption
            </text:p>
            <text:p text:style-name="BN_S29">
                <text:span text:style-name="BN_T30">
                    Inline Content:
                </text:span>
            </text:p>
            <text:p text:style-name="BN_S31">
                <text:span text:style-name="BN_T32">
                    Styled Text
                </text:span>
                <text:a xlink:type="simple" xlink:href="https://www.blocknotejs.org">
                    Link
                </text:a>
            </text:p>
            <table:table table:name="">
                <table:table-column table:style-name="BN_S34"></table:table-column>
                <table:table-column table:style-name="BN_S35"></table:table-column>
                <table:table-column table:style-name="BN_S36"></table:table-column>
                <table:table-row>
                    <table:table-cell table:style-name="BN_S33" office:value-type="string">
                        <text:p>
                            Table Cell 1
                        </text:p>
                    </table:table-cell>
                    <table:table-cell table:style-name="BN_S33" office:value-type="string">
                        <text:p>
                            Table Cell 2
                        </text:p>
                    </table:table-cell>
                    <table:table-cell table:style-name="BN_S33" office:value-type="string">
                        <text:p>
                            Table Cell 3
                        </text:p>
                    </table:table-cell>
                </table:table-row>
                <table:table-row>
                    <table:table-cell table:style-name="BN_S33" office:value-type="string">
                        <text:p>
                            Table Cell 4
                        </text:p>
                    </table:table-cell>
                    <table:table-cell table:style-name="BN_S33" office:value-type="string">
                        <text:p>
                            <text:span text:style-name="BN_T37">
                                Table Cell Bold 5
                            </text:span>
                        </text:p>
                    </table:table-cell>
                    <table:table-cell table:style-name="BN_S33" office:value-type="string">
                        <text:p>
                            Table Cell 6
                        </text:p>
                    </table:table-cell>
                </table:table-row>
                <table:table-row>
                    <table:table-cell table:style-name="BN_S33" office:value-type="string">
                        <text:p>
                            Table Cell 7
                        </text:p>
                    </table:table-cell>
                    <table:table-cell table:style-name="BN_S33" office:value-type="string">
                        <text:p>
                            Table Cell 8
                        </text:p>
                    </table:table-cell>
                    <table:table-cell table:style-name="BN_S33" office:value-type="string">
                        <text:p>
                            Table Cell 9
                        </text:p>
                    </table:table-cell>
                </table:table-row>
            </table:table>
            <text:p text:style-name="Codeblock">
                const helloWorld = (message) =&gt; {
                <text:line-break></text:line-break>
                console.log(&quot;Hello World&quot;, message);
                <text:line-break></text:line-break>
                };
            </text:p>
        </office:text>
    </office:body>
</office:document-content>