{
  "request": {
    "method": "POST",
    "url": "https://localhost:3000/ai?provider=groq&url=https%3A%2F%2Fapi.groq.com%2Fopenai%2Fv1%2Fchat%2Fcompletions",
    "body": "{\"model\":\"llama-3.3-70b-versatile\",\"temperature\":0,\"messages\":[{\"role\":\"system\",\"content\":\"You're manipulating a text document. Make sure to follow the json schema provided. This is the document as an array of html blocks:\"},{\"role\":\"system\",\"content\":\"[{\\\"id\\\":\\\"0$\\\",\\\"block\\\":\\\"<p>Hello</p>\\\"},{\\\"id\\\":\\\"1$\\\",\\\"block\\\":\\\"<p>World</p>\\\"}]\"},{\"role\":\"user\",\"content\":\"change first paragraph to a heading\"}],\"tool_choice\":{\"type\":\"function\",\"function\":{\"name\":\"json\"}},\"tools\":[{\"type\":\"function\",\"function\":{\"name\":\"json\",\"description\":\"Respond with a JSON object.\",\"parameters\":{\"type\":\"object\",\"properties\":{\"operations\":{\"type\":\"array\",\"items\":{\"anyOf\":[{\"type\":\"object\",\"description\":\"Update a block\",\"properties\":{\"type\":{\"type\":\"string\",\"enum\":[\"update\"]},\"id\":{\"type\":\"string\",\"description\":\"id of block to update\"},\"block\":{\"$ref\":\"#/$defs/block\"}},\"required\":[\"type\",\"id\",\"block\"],\"additionalProperties\":false},{\"type\":\"object\",\"description\":\"Insert new blocks\",\"properties\":{\"type\":{\"type\":\"string\",\"enum\":[\"add\"]},\"referenceId\":{\"type\":\"string\",\"description\":\"\"},\"position\":{\"type\":\"string\",\"enum\":[\"before\",\"after\"],\"description\":\"Whether new block(s) should be inserted before or after `referenceId`\"},\"blocks\":{\"items\":{\"$ref\":\"#/$defs/block\"},\"type\":\"array\"}},\"required\":[\"type\",\"referenceId\",\"position\",\"blocks\"],\"additionalProperties\":false},{\"type\":\"object\",\"description\":\"Delete a block\",\"properties\":{\"type\":{\"type\":\"string\",\"enum\":[\"delete\"]},\"id\":{\"type\":\"string\",\"description\":\"id of block to delete\"}},\"required\":[\"type\",\"id\"],\"additionalProperties\":false}]}}},\"additionalProperties\":false,\"required\":[\"operations\"],\"$defs\":{\"block\":{\"type\":\"string\",\"description\":\"html of block\"}}}}}],\"stream\":true}",
    "headers": [],
    "cookies": []
  },
  "response": {
    "status": 200,
    "statusText": "",
    "body": "data: {\"id\":\"chatcmpl-0bcb85ac-093c-4190-beb7-85bb07723cfc\",\"object\":\"chat.completion.chunk\",\"created\":1743024120,\"model\":\"llama-3.3-70b-versatile\",\"system_fingerprint\":\"fp_c4760ee73b\",\"choices\":[{\"index\":0,\"delta\":{\"role\":\"assistant\",\"content\":null},\"logprobs\":null,\"finish_reason\":null}],\"x_groq\":{\"id\":\"req_01jqa5arf6ercswtkf3e6bxj4x\"}}\n\ndata: {\"id\":\"chatcmpl-0bcb85ac-093c-4190-beb7-85bb07723cfc\",\"object\":\"chat.completion.chunk\",\"created\":1743024120,\"model\":\"llama-3.3-70b-versatile\",\"system_fingerprint\":\"fp_c4760ee73b\",\"choices\":[{\"index\":0,\"delta\":{\"tool_calls\":[{\"id\":\"call_q320\",\"type\":\"function\",\"function\":{\"name\":\"json\",\"arguments\":\"{\\\"operations\\\":[{\\\"type\\\":\\\"update\\\",\\\"id\\\":\\\"0$\\\",\\\"block\\\":\\\"\\u003ch1\\u003eHello\\u003c/h1\\u003e\\\"}]}\"},\"index\":0}]},\"logprobs\":null,\"finish_reason\":null}]}\n\ndata: {\"id\":\"chatcmpl-0bcb85ac-093c-4190-beb7-85bb07723cfc\",\"object\":\"chat.completion.chunk\",\"created\":1743024120,\"model\":\"llama-3.3-70b-versatile\",\"system_fingerprint\":\"fp_c4760ee73b\",\"choices\":[{\"index\":0,\"delta\":{},\"logprobs\":null,\"finish_reason\":\"tool_calls\"}],\"x_groq\":{\"id\":\"req_01jqa5arf6ercswtkf3e6bxj4x\",\"usage\":{\"queue_time\":0.10147468300000001,\"prompt_tokens\":519,\"prompt_time\":0.042845845,\"completion_tokens\":27,\"completion_time\":0.099725872,\"total_tokens\":546,\"total_time\":0.142571717}}}\n\ndata: [DONE]\n\n",
    "headers": []
  }
}