{
  "request": {
    "method": "POST",
    "url": "https://localhost:3000/ai?provider=groq&url=https%3A%2F%2Fapi.groq.com%2Fopenai%2Fv1%2Fchat%2Fcompletions",
    "body": "{\"model\":\"llama-3.3-70b-versatile\",\"temperature\":0,\"messages\":[{\"role\":\"system\",\"content\":\"You're helping the user redact / write a markdown document.\"},{\"role\":\"system\",\"content\":\"This is what the user wants you to do:\"},{\"role\":\"user\",\"content\":\"Add a paragraph with text \\\"Test\\\" after the first paragraph\"},{\"role\":\"system\",\"content\":\"Send me the new markdown of the entire updated document in markdown. Make sure to use duplicate new lines (\\n\\n) to separate blocks as usual in markdown. Don't include any other text, comments or wrapping marks.\"},{\"role\":\"system\",\"content\":\"This is the document the user wants to update:\"},{\"role\":\"system\",\"content\":\"Hello\"}]}",
    "headers": [],
    "cookies": []
  },
  "response": {
    "status": 200,
    "statusText": "",
    "body": "{\"id\":\"chatcmpl-813714f1-2b28-49fd-9fd2-912a648b1647\",\"object\":\"chat.completion\",\"created\":1742560824,\"model\":\"llama-3.3-70b-versatile\",\"choices\":[{\"index\":0,\"message\":{\"role\":\"assistant\",\"content\":\"Hello\\n\\nTest\"},\"logprobs\":null,\"finish_reason\":\"stop\"}],\"usage\":{\"queue_time\":0.109072989,\"prompt_tokens\":123,\"prompt_time\":0.007986323,\"completion_tokens\":4,\"completion_time\":0.017521438,\"total_tokens\":127,\"total_time\":0.025507761},\"system_fingerprint\":\"fp_90c1d253ff\",\"x_groq\":{\"id\":\"req_01jpwbg3ggfkvrtakh1s6w9v1d\"}}\n",
    "headers": []
  }
}