{
  "request": {
    "method": "POST",
    "url": "https://localhost:3000/ai?provider=groq&url=https%3A%2F%2Fapi.groq.com%2Fopenai%2Fv1%2Fchat%2Fcompletions",
    "body": "{\"model\":\"llama-3.3-70b-versatile\",\"temperature\":0,\"messages\":[{\"role\":\"system\",\"content\":\"You're helping the user redact / write a markdown document split in blocks.\"},{\"role\":\"system\",\"content\":\"This is what the user wants you to do:\"},{\"role\":\"user\",\"content\":\"Add a paragraph with text \\\"Test\\\" after the first paragraph\"},{\"role\":\"system\",\"content\":\"This is the document the user wants to update:\"},{\"role\":\"system\",\"content\":\"Hello\"}]}",
    "headers": [],
    "cookies": []
  },
  "response": {
    "status": 200,
    "statusText": "",
    "body": "{\"id\":\"chatcmpl-f3896574-ddd2-40f1-a25d-f0a3228f9200\",\"object\":\"chat.completion\",\"created\":1742760876,\"model\":\"llama-3.3-70b-versatile\",\"choices\":[{\"index\":0,\"message\":{\"role\":\"assistant\",\"content\":\"Hello \\n\\nTest\"},\"logprobs\":null,\"finish_reason\":\"stop\"}],\"usage\":{\"queue_time\":0.100499497,\"prompt_tokens\":84,\"prompt_time\":0.004709264,\"completion_tokens\":4,\"completion_time\":0.026894698,\"total_tokens\":88,\"total_time\":0.031603962},\"system_fingerprint\":\"fp_41c250edc7\",\"x_groq\":{\"id\":\"req_01jq2a96dhfnjvdsezb3xhm0mz\"}}\n",
    "headers": []
  }
}