{
  "request": {
    "method": "POST",
    "url": "https://localhost:3000/ai?provider=groq&url=https%3A%2F%2Fapi.groq.com%2Fopenai%2Fv1%2Fchat%2Fcompletions",
    "body": "{\"model\":\"llama-3.3-70b-versatile\",\"temperature\":0,\"messages\":[{\"role\":\"system\",\"content\":\"You're helping the user redact / write a markdown document split in blocks.\"},{\"role\":\"system\",\"content\":\"This is what the user wants you to do:\"},{\"role\":\"user\",\"content\":\"Add a sentence with `Test` before the first sentence\"},{\"role\":\"system\",\"content\":\"This is the document the user wants to update:\"},{\"role\":\"system\",\"content\":\"Hello\"}]}",
    "headers": [],
    "cookies": []
  },
  "response": {
    "status": 200,
    "statusText": "",
    "body": "{\"id\":\"chatcmpl-d45b2300-40e2-4ed4-8081-44c2ff78a7aa\",\"object\":\"chat.completion\",\"created\":1742760876,\"model\":\"llama-3.3-70b-versatile\",\"choices\":[{\"index\":0,\"message\":{\"role\":\"assistant\",\"content\":\"Test\\nHello\"},\"logprobs\":null,\"finish_reason\":\"stop\"}],\"usage\":{\"queue_time\":0.101242789,\"prompt_tokens\":83,\"prompt_time\":0.004695819,\"completion_tokens\":4,\"completion_time\":0.027226767,\"total_tokens\":87,\"total_time\":0.031922586},\"system_fingerprint\":\"fp_90c1d253ff\",\"x_groq\":{\"id\":\"req_01jq2a95wgfnjtgvf91k9kahgf\"}}\n",
    "headers": []
  }
}