// Vitest Snapshot v1, https://vitest.dev/guide/snapshot.html

exports[`applyStepsAsAgent > should apply a simple replace step 1`] = `
"select: {"type":"doc","content":[{"type":"blockGroup","content":[{"type":"blockContainer","attrs":{"id":"1","textColor":"default","backgroundColor":"default"},"content":[{"type":"paragraph","attrs":{"textAlignment":"left"},"content":[{"type":"text","text":"Hello, world!"}]}]}]}]}
replace: {"type":"doc","content":[{"type":"blockGroup","content":[{"type":"blockContainer","attrs":{"id":"1","textColor":"default","backgroundColor":"default"},"content":[{"type":"paragraph","attrs":{"textAlignment":"left"},"content":[{"type":"text","marks":[{"type":"deletion"}],"text":"Hello"},{"type":"text","marks":[{"type":"insertion"}],"text":"H"},{"type":"text","text":", world!"}]}]}]}]}
insert: {"type":"doc","content":[{"type":"blockGroup","content":[{"type":"blockContainer","attrs":{"id":"1","textColor":"default","backgroundColor":"default"},"content":[{"type":"paragraph","attrs":{"textAlignment":"left"},"content":[{"type":"text","marks":[{"type":"deletion"}],"text":"Hello"},{"type":"text","marks":[{"type":"insertion"}],"text":"Hi"},{"type":"text","text":", world!"}]}]}]}]}"
`;

exports[`applyStepsAsAgent > should handle multiple steps 1`] = `
"select: {"type":"doc","content":[{"type":"blockGroup","content":[{"type":"blockContainer","attrs":{"id":"1","textColor":"default","backgroundColor":"default"},"content":[{"type":"paragraph","attrs":{"textAlignment":"left"},"content":[{"type":"text","text":"Hello, world!"}]}]}]}]}
replace: {"type":"doc","content":[{"type":"blockGroup","content":[{"type":"blockContainer","attrs":{"id":"1","textColor":"default","backgroundColor":"default"},"content":[{"type":"paragraph","attrs":{"textAlignment":"left"},"content":[{"type":"text","marks":[{"type":"deletion"}],"text":"Hello"},{"type":"text","marks":[{"type":"insertion"}],"text":"H"},{"type":"text","text":", world!"}]}]}]}]}
insert: {"type":"doc","content":[{"type":"blockGroup","content":[{"type":"blockContainer","attrs":{"id":"1","textColor":"default","backgroundColor":"default"},"content":[{"type":"paragraph","attrs":{"textAlignment":"left"},"content":[{"type":"text","marks":[{"type":"deletion"}],"text":"Hello"},{"type":"text","marks":[{"type":"insertion"}],"text":"Hi"},{"type":"text","text":", world!"}]}]}]}]}
select: {"type":"doc","content":[{"type":"blockGroup","content":[{"type":"blockContainer","attrs":{"id":"1","textColor":"default","backgroundColor":"default"},"content":[{"type":"paragraph","attrs":{"textAlignment":"left"},"content":[{"type":"text","marks":[{"type":"deletion"}],"text":"Hello"},{"type":"text","marks":[{"type":"insertion"}],"text":"Hi"},{"type":"text","text":", world!"}]}]}]}]}
replace: {"type":"doc","content":[{"type":"blockGroup","content":[{"type":"blockContainer","attrs":{"id":"1","textColor":"default","backgroundColor":"default"},"content":[{"type":"paragraph","attrs":{"textAlignment":"left"},"content":[{"type":"text","marks":[{"type":"deletion"}],"text":"Hello"},{"type":"text","marks":[{"type":"insertion"}],"text":"Hi"},{"type":"text","text":", "},{"type":"text","marks":[{"type":"deletion"}],"text":"world"},{"type":"text","marks":[{"type":"insertion"}],"text":"t"},{"type":"text","text":"!"}]}]}]}]}
insert: {"type":"doc","content":[{"type":"blockGroup","content":[{"type":"blockContainer","attrs":{"id":"1","textColor":"default","backgroundColor":"default"},"content":[{"type":"paragraph","attrs":{"textAlignment":"left"},"content":[{"type":"text","marks":[{"type":"deletion"}],"text":"Hello"},{"type":"text","marks":[{"type":"insertion"}],"text":"Hi"},{"type":"text","text":", "},{"type":"text","marks":[{"type":"deletion"}],"text":"world"},{"type":"text","marks":[{"type":"insertion"}],"text":"th"},{"type":"text","text":"!"}]}]}]}]}
insert: {"type":"doc","content":[{"type":"blockGroup","content":[{"type":"blockContainer","attrs":{"id":"1","textColor":"default","backgroundColor":"default"},"content":[{"type":"paragraph","attrs":{"textAlignment":"left"},"content":[{"type":"text","marks":[{"type":"deletion"}],"text":"Hello"},{"type":"text","marks":[{"type":"insertion"}],"text":"Hi"},{"type":"text","text":", "},{"type":"text","marks":[{"type":"deletion"}],"text":"world"},{"type":"text","marks":[{"type":"insertion"}],"text":"the"},{"type":"text","text":"!"}]}]}]}]}
insert: {"type":"doc","content":[{"type":"blockGroup","content":[{"type":"blockContainer","attrs":{"id":"1","textColor":"default","backgroundColor":"default"},"content":[{"type":"paragraph","attrs":{"textAlignment":"left"},"content":[{"type":"text","marks":[{"type":"deletion"}],"text":"Hello"},{"type":"text","marks":[{"type":"insertion"}],"text":"Hi"},{"type":"text","text":", "},{"type":"text","marks":[{"type":"deletion"}],"text":"world"},{"type":"text","marks":[{"type":"insertion"}],"text":"ther"},{"type":"text","text":"!"}]}]}]}]}
insert: {"type":"doc","content":[{"type":"blockGroup","content":[{"type":"blockContainer","attrs":{"id":"1","textColor":"default","backgroundColor":"default"},"content":[{"type":"paragraph","attrs":{"textAlignment":"left"},"content":[{"type":"text","marks":[{"type":"deletion"}],"text":"Hello"},{"type":"text","marks":[{"type":"insertion"}],"text":"Hi"},{"type":"text","text":", "},{"type":"text","marks":[{"type":"deletion"}],"text":"world"},{"type":"text","marks":[{"type":"insertion"}],"text":"there"},{"type":"text","text":"!"}]}]}]}]}"
`;
