{
  "request": {
    "method": "POST",
    "url": "https://localhost:3000/ai?provider=groq&url=https%3A%2F%2Fapi.groq.com%2Fopenai%2Fv1%2Fchat%2Fcompletions",
    "body": "{\"model\":\"llama-3.3-70b-versatile\",\"temperature\":0,\"messages\":[{\"role\":\"system\",\"content\":\"You're helping the user redact / write a markdown document split in blocks.\"},{\"role\":\"system\",\"content\":\"This is what the user wants you to do:\"},{\"role\":\"user\",\"content\":\"change first paragraph to a heading\"},{\"role\":\"system\",\"content\":\"This is the document the user wants to update:\"},{\"role\":\"system\",\"content\":\"Hello\\n\\nWorld\"}]}",
    "headers": [],
    "cookies": []
  },
  "response": {
    "status": 200,
    "statusText": "",
    "body": "{\"id\":\"chatcmpl-28e4dae1-fb02-4e55-adcb-37ed9993effb\",\"object\":\"chat.completion\",\"created\":1742760873,\"model\":\"llama-3.3-70b-versatile\",\"choices\":[{\"index\":0,\"message\":{\"role\":\"assistant\",\"content\":\"# Hello\\nWorld\"},\"logprobs\":null,\"finish_reason\":\"stop\"}],\"usage\":{\"queue_time\":0.101413745,\"prompt_tokens\":80,\"prompt_time\":0.004397278,\"completion_tokens\":5,\"completion_time\":0.036289645,\"total_tokens\":85,\"total_time\":0.040686923},\"system_fingerprint\":\"fp_41c250edc7\",\"x_groq\":{\"id\":\"req_01jq2a93vgfnjsfc8emtn5v621\"}}\n",
    "headers": []
  }
}