{
  "request": {
    "method": "POST",
    "url": "https://localhost:3000/ai?provider=groq&url=https%3A%2F%2Fapi.groq.com%2Fopenai%2Fv1%2Fchat%2Fcompletions",
    "body": "{\"model\":\"llama-3.3-70b-versatile\",\"temperature\":0,\"messages\":[{\"role\":\"system\",\"content\":\"You're helping the user redact / write a markdown document split in blocks.\"},{\"role\":\"system\",\"content\":\"This is what the user wants you to do:\"},{\"role\":\"user\",\"content\":\"translate existing document to german\"},{\"role\":\"system\",\"content\":\"This is the document the user wants to update:\"},{\"role\":\"system\",\"content\":\"Hello\\n\\nWorld\"}]}",
    "headers": [],
    "cookies": []
  },
  "response": {
    "status": 200,
    "statusText": "",
    "body": "{\"id\":\"chatcmpl-61fc6c86-b5fb-4fa9-8317-c78849ff31cc\",\"object\":\"chat.completion\",\"created\":1742760871,\"model\":\"llama-3.3-70b-versatile\",\"choices\":[{\"index\":0,\"message\":{\"role\":\"assistant\",\"content\":\"The existing document is:\\nHello\\nWorld\\n\\nThe translation to German is:\\nHallo\\nWelt\\n\\nWould you like me to add or modify anything in the translated document?\"},\"logprobs\":null,\"finish_reason\":\"stop\"}],\"usage\":{\"queue_time\":0.100505504,\"prompt_tokens\":79,\"prompt_time\":0.004790707,\"completion_tokens\":35,\"completion_time\":0.127272727,\"total_tokens\":114,\"total_time\":0.132063434},\"system_fingerprint\":\"fp_90c1d253ff\",\"x_groq\":{\"id\":\"req_01jq2a91tnfnjtkqdtajwyt5tc\"}}\n",
    "headers": []
  }
}