{
  "request": {
    "method": "POST",
    "url": "https://localhost:3000/ai?provider=albert-etalab&url=https%3A%2F%2Falbert.api.etalab.gouv.fr%2Fv1%2Fchat%2Fcompletions",
    "body": "{\"model\":\"neuralmagic/Meta-Llama-3.1-70B-Instruct-FP8\",\"temperature\":0,\"messages\":[{\"role\":\"system\",\"content\":\"You're manipulating a text document. Make sure to follow the json schema provided. This is the document:\"},{\"role\":\"system\",\"content\":\"[{\\\"id\\\":\\\"0$\\\",\\\"type\\\":\\\"paragraph\\\",\\\"props\\\":{\\\"textColor\\\":\\\"default\\\",\\\"backgroundColor\\\":\\\"default\\\",\\\"textAlignment\\\":\\\"left\\\"},\\\"content\\\":[{\\\"type\\\":\\\"text\\\",\\\"text\\\":\\\"Hello\\\",\\\"styles\\\":{}}],\\\"children\\\":[]},{\\\"id\\\":\\\"1$\\\",\\\"type\\\":\\\"paragraph\\\",\\\"props\\\":{\\\"textColor\\\":\\\"default\\\",\\\"backgroundColor\\\":\\\"default\\\",\\\"textAlignment\\\":\\\"left\\\"},\\\"content\\\":[{\\\"type\\\":\\\"text\\\",\\\"text\\\":\\\"World\\\",\\\"styles\\\":{}}],\\\"children\\\":[]}]\"},{\"role\":\"system\",\"content\":\"This would be an example block: \\n{\\\"type\\\":\\\"paragraph\\\",\\\"props\\\":{},\\\"content\\\":[{\\\"type\\\":\\\"text\\\",\\\"text\\\":\\\"Bold text\\\",\\\"styles\\\":{\\\"bold\\\":true}},{\\\"type\\\":\\\"text\\\",\\\"text\\\":\\\" and italic text\\\",\\\"styles\\\":{\\\"italic\\\":true}}]}\"},{\"role\":\"user\",\"content\":\"change first paragraph to a heading\"}],\"tool_choice\":{\"type\":\"function\",\"function\":{\"name\":\"json\"}},\"tools\":[{\"type\":\"function\",\"function\":{\"name\":\"json\",\"description\":\"Respond with a JSON object.\",\"parameters\":{\"type\":\"object\",\"properties\":{\"operations\":{\"type\":\"array\",\"items\":{\"anyOf\":[{\"type\":\"object\",\"description\":\"Update a block, the new block will replace the existing block.\",\"properties\":{\"type\":{\"type\":\"string\",\"enum\":[\"update\"]},\"id\":{\"type\":\"string\",\"description\":\"id of block to update\"},\"block\":{\"$ref\":\"#/$defs/block\"}},\"required\":[\"type\",\"id\",\"block\"],\"additionalProperties\":false},{\"type\":\"object\",\"description\":\"Insert new blocks\",\"properties\":{\"type\":{\"type\":\"string\",\"enum\":[\"add\"]},\"referenceId\":{\"type\":\"string\",\"description\":\"\"},\"position\":{\"type\":\"string\",\"enum\":[\"before\",\"after\"],\"description\":\"Whether new block(s) should be inserted before or after `referenceId`\"},\"blocks\":{\"items\":{\"$ref\":\"#/$defs/block\"},\"type\":\"array\"}},\"required\":[\"type\",\"referenceId\",\"position\",\"blocks\"],\"additionalProperties\":false},{\"type\":\"object\",\"description\":\"Delete a block\",\"properties\":{\"type\":{\"type\":\"string\",\"enum\":[\"delete\"]},\"id\":{\"type\":\"string\",\"description\":\"id of block to delete\"}},\"required\":[\"type\",\"id\"],\"additionalProperties\":false}]}}},\"additionalProperties\":false,\"required\":[\"operations\"],\"$defs\":{\"styles\":{\"type\":\"object\",\"properties\":{\"bold\":{\"type\":\"boolean\"},\"italic\":{\"type\":\"boolean\"},\"underline\":{\"type\":\"boolean\"},\"strike\":{\"type\":\"boolean\"},\"code\":{\"type\":\"boolean\"},\"textColor\":{\"type\":\"string\"},\"backgroundColor\":{\"type\":\"string\"}},\"additionalProperties\":false},\"styledtext\":{\"type\":\"object\",\"properties\":{\"type\":{\"type\":\"string\",\"enum\":[\"text\"]},\"text\":{\"type\":\"string\"},\"styles\":{\"$ref\":\"#/$defs/styles\"}},\"additionalProperties\":false,\"required\":[\"type\",\"text\"]},\"inlinecontent\":{\"type\":\"array\",\"items\":{\"anyOf\":[{\"$ref\":\"#/$defs/styledtext\"},{\"type\":\"object\",\"properties\":{\"type\":{\"type\":\"string\",\"enum\":[\"link\"]},\"content\":{\"type\":\"array\",\"items\":{\"$ref\":\"#/$defs/styledtext\"}},\"href\":{\"type\":\"string\"}},\"additionalProperties\":false,\"required\":[\"type\",\"href\",\"content\"]}]}},\"block\":{\"anyOf\":[{\"type\":\"object\",\"properties\":{\"type\":{\"type\":\"string\",\"enum\":[\"paragraph\",\"bulletListItem\",\"numberedListItem\"]},\"content\":{\"$ref\":\"#/$defs/inlinecontent\"},\"props\":{\"type\":\"object\",\"properties\":{},\"additionalProperties\":false}},\"additionalProperties\":false,\"required\":[\"type\"]},{\"type\":\"object\",\"properties\":{\"type\":{\"type\":\"string\",\"enum\":[\"heading\"]},\"content\":{\"$ref\":\"#/$defs/inlinecontent\"},\"props\":{\"type\":\"object\",\"properties\":{\"level\":{\"type\":\"number\",\"enum\":[1,2,3]}},\"additionalProperties\":false}},\"additionalProperties\":false,\"required\":[\"type\"]},{\"type\":\"object\",\"properties\":{\"type\":{\"type\":\"string\",\"enum\":[\"codeBlock\"]},\"content\":{\"$ref\":\"#/$defs/inlinecontent\"},\"props\":{\"type\":\"object\",\"properties\":{\"language\":{\"type\":\"string\",\"enum\":[\"text\",\"c\",\"cpp\",\"css\",\"glsl\",\"graphql\",\"haml\",\"html\",\"java\",\"javascript\",\"json\",\"jsonc\",\"jsonl\",\"jsx\",\"julia\",\"less\",\"markdown\",\"mdx\",\"php\",\"postcss\",\"pug\",\"python\",\"r\",\"regexp\",\"sass\",\"scss\",\"shellscript\",\"sql\",\"svelte\",\"typescript\",\"vue\",\"vue-html\",\"wasm\",\"wgsl\",\"xml\",\"yaml\",\"tsx\",\"haskell\",\"csharp\",\"latex\",\"lua\",\"mermaid\",\"ruby\",\"rust\",\"scala\",\"swift\",\"kotlin\",\"objective-c\"]}},\"additionalProperties\":false}},\"additionalProperties\":false,\"required\":[\"type\"]},{\"type\":\"object\",\"properties\":{\"type\":{\"type\":\"string\",\"enum\":[\"checkListItem\"]},\"content\":{\"$ref\":\"#/$defs/inlinecontent\"},\"props\":{\"type\":\"object\",\"properties\":{\"checked\":{\"type\":\"boolean\"}},\"additionalProperties\":false}},\"additionalProperties\":false,\"required\":[\"type\"]},{\"type\":\"object\",\"properties\":{\"type\":{\"type\":\"string\",\"enum\":[\"table\"]},\"content\":{\"type\":\"object\",\"properties\":{}},\"props\":{\"type\":\"object\",\"properties\":{},\"additionalProperties\":false}},\"additionalProperties\":false,\"required\":[\"type\"]}]}}}}}]}",
    "headers": [],
    "cookies": []
  },
  "response": {
    "status": 200,
    "statusText": "",
    "body": "{\"id\":\"chatcmpl-139e7beb8e8a426383af5308b4afe3f2\",\"choices\":[{\"finish_reason\":\"stop\",\"index\":0,\"logprobs\":null,\"message\":{\"content\":\"\",\"refusal\":null,\"role\":\"assistant\",\"audio\":null,\"function_call\":null,\"tool_calls\":[{\"id\":\"chatcmpl-tool-0c819525791340b8bec3d278da57d39f\",\"function\":{\"arguments\":\"{\\\"operations\\\": [{\\\"type\\\": \\\"update\\\", \\\"id\\\": \\\"0$\\\", \\\"block\\\": {\\\"type\\\": \\\"heading\\\", \\\"props\\\": {\\\"level\\\": 1}}}] }\",\"name\":\"json\"},\"type\":\"function\"}]},\"stop_reason\":null}],\"created\":1742616581,\"model\":\"neuralmagic/Meta-Llama-3.1-70B-Instruct-FP8\",\"object\":\"chat.completion\",\"service_tier\":null,\"system_fingerprint\":null,\"usage\":{\"completion_tokens\":36,\"prompt_tokens\":2013,\"total_tokens\":2049,\"completion_tokens_details\":null,\"prompt_tokens_details\":null},\"search_results\":[],\"prompt_logprobs\":null}",
    "headers": []
  }
}